ASxxxx Linker V03.00/V05.40 + sdld,  page 1.
Hexadecimal  [32-Bits]

Area                                    Addr        Size        Decimal Bytes (Attributes)
--------------------------------        ----        ----        ------- ----- ------------
.  .ABS.                            00000000    00000000 =           0. bytes (ABS,CON)

      Value  Global                              Global Defined In Module
      -----  --------------------------------   ------------------------
     00000000  .__.ABS.                           
     00000000  __start_save                    
     00000000  _rMBC7_SRAM_ENABLE_1               
     00000000  _rRAMG                             
     00000000  l__BASE                         
     00000000  l__BSS                          
     00000000  l__CABS                         
     00000000  l__CODE_0                       
     00000000  l__CODE_255                     
     00000000  l__CRASH_HEADER                 
     00000000  l__CRASH_SCRATCH                
     00000000  l__DABS                         
     00000000  l__HEADER                       
     00000000  l__HEADER_LCD                   
     00000000  l__HEADER_SIO                   
     00000000  l__HEADER_TIMER                 
     00000000  l__HEAP                         
     00000000  l__HEAP_END                     
     00000000  l__LIT                          
     00000000  s__CABS                         
     00000000  s__CRASH_HEADER                 
     00000000  s__CRASH_HEADER0                
     00000000  s__CRASH_HEADER1                
     00000000  s__CRASH_SCRATCH                
     00000000  s__CRASH_SCRATCH2               
     00000000  s__DABS                         
     00000000  s__HEADER                       
     00000000  s__HEADER0                      
     00000000  s__HEADER1                      
     00000000  s__HEADER10                     
     00000000  s__HEADER11                     
     00000000  s__HEADER2                      
     00000000  s__HEADER3                      
     00000000  s__HEADER4                      
     00000000  s__HEADER5                      
     00000000  s__HEADER6                      
     00000000  s__HEADER7                      
     00000000  s__HEADER8                      
     00000000  s__HEADER9                      
     00000000  s__HEADER_LCD                   
     00000000  s__HEADER_LCD0                  
     00000000  s__HEADER_SIO                   
     00000000  s__HEADER_SIO0                  
     00000000  s__HEADER_TIMER                 
     00000000  s__HEADER_TIMER0                
     00000000  s__HEADERa                      
     00000000  s__HEADERb                      
     00000000  s__HEADERc                      
     00000000  s__HEADERd                      
     00000000  s__HEADERe                      
ASxxxx Linker V03.00/V05.40 + sdld,  page 2.
Hexadecimal  [32-Bits]

Area                                    Addr        Size        Decimal Bytes (Attributes)
--------------------------------        ----        ----        ------- ----- ------------
.  .ABS.                            00000000    00000000 =           0. bytes (ABS,CON)

      Value  Global                              Global Defined In Module
      -----  --------------------------------   ------------------------
     00000000  s__HEADERf                      
     00000001  ___bank_VM_ACTOR                   vm_actor
     00000001  ___bank_palette_0                  palette_0
     00000001  b_SIO_init                         sio
     00000001  b_do_load_palette                  data_manager
     00000001  b_load_background                  data_manager
     00000001  b_load_bkg_tileset                 data_manager
     00000001  b_load_bounds                      data_manager
     00000001  b_load_emote                       data_manager
     00000001  b_load_init                        data_manager
     00000001  b_load_player                      data_manager
     00000001  b_load_scene                       data_manager
     00000001  b_load_sprite                      data_manager
     00000001  b_set_sgb_border                   sgb_border
     00000001  b_ui_draw_frame                    ui
     00000001  b_ui_draw_text_buffer_char         ui
     00000001  b_ui_init                          ui
     00000001  b_ui_load_tiles                    ui
     00000001  b_ui_run_menu                      ui
     00000001  b_ui_run_modal                     ui
     00000001  b_ui_set_start_tile                ui
     00000001  b_ui_update                        ui
     00000001  b_vm_actor_activate                vm_actor
     00000001  b_vm_actor_begin_update            vm_actor
     00000001  b_vm_actor_deactivate              vm_actor
     00000001  b_vm_actor_emote                   vm_actor
     00000001  b_vm_actor_get_angle               vm_actor
     00000001  b_vm_actor_get_anim_frame          vm_actor
     00000001  b_vm_actor_get_dir                 vm_actor
     00000001  b_vm_actor_get_pos                 vm_actor
     00000001  b_vm_actor_move_cancel             vm_actor
     00000001  b_vm_actor_move_to                 vm_actor
     00000001  b_vm_actor_move_to_init            vm_actor
     00000001  b_vm_actor_move_to_set_dir_x       vm_actor
     00000001  b_vm_actor_move_to_set_dir_y       vm_actor
     00000001  b_vm_actor_move_to_x               vm_actor
     00000001  b_vm_actor_move_to_xy              vm_actor
     00000001  b_vm_actor_move_to_y               vm_actor
     00000001  b_vm_actor_replace_tile            vm_actor
     00000001  b_vm_actor_set_anim                vm_actor
     00000001  b_vm_actor_set_anim_frame          vm_actor
     00000001  b_vm_actor_set_anim_moving         vm_actor
     00000001  b_vm_actor_set_anim_set            vm_actor
     00000001  b_vm_actor_set_anim_tick           vm_actor
     00000001  b_vm_actor_set_bounds              vm_actor
     00000001  b_vm_actor_set_dir                 vm_actor
     00000001  b_vm_actor_set_flags               vm_actor
     00000001  b_vm_actor_set_move_speed          vm_actor
     00000001  b_vm_actor_set_pos                 vm_actor
     00000001  b_vm_actor_set_spritesheet         vm_actor
     00000001  b_vm_actor_set_spritesheet_by_re   vm_actor
ASxxxx Linker V03.00/V05.40 + sdld,  page 3.
Hexadecimal  [32-Bits]

Area                                    Addr        Size        Decimal Bytes (Attributes)
--------------------------------        ----        ----        ------- ----- ------------
.  .ABS.                            00000000    00000000 =           0. bytes (ABS,CON)

      Value  Global                              Global Defined In Module
      -----  --------------------------------   ------------------------
     00000001  b_vm_actor_terminate_update        vm_actor
     00000001  l__GSFINAL                      
     00000001  l__HEADER0                      
     00000001  l__HEADER5                      
     00000001  l__HEADERa                      
     00000001  l__HEADERb                      
     00000001  l__HEADERc                      
     00000001  l__HEADERe                      
     00000001  l__HEADERf                      
     00000002  ___bank_ACTOR                      actor
     00000002  ___bank_VM_MAIN                    vm
     00000002  ___bank_scene_6_collisions         scene_6_collisions
     00000002  b_activate_actor                   actor
     00000002  b_activate_actors_in_col           actor
     00000002  b_activate_actors_in_row           actor
     00000002  b_activate_persistent_actors       actor
     00000002  b_actor_at_tile                    actor
     00000002  b_actor_get_frame_offset           actor
     00000002  b_actor_in_front_of_player         actor
     00000002  b_actor_overlapping_bb             actor
     00000002  b_actor_overlapping_bb_inc_nocli   actor
     00000002  b_actor_overlapping_player_from    actor
     00000002  b_actor_set_anim_moving            actor
     00000002  b_actor_set_dir                    actor
     00000002  b_actor_set_frame_offset           actor
     00000002  b_actor_with_script_in_front_of_   actor
     00000002  b_actors_handle_player_collision   actor
     00000002  b_actors_init                      actor
     00000002  b_actors_update                    actor
     00000002  b_deactivate_actor                 actor
     00000002  b_logo_init                        logo
     00000002  b_logo_update                      logo
     00000002  b_plat_callback_attach             platform
     00000002  b_plat_callback_detach             platform
     00000002  b_platform_init                    platform
     00000002  b_platform_update                  platform
     00000002  b_player_init                      actor
     00000002  b_script_detach_hthread            vm
     00000002  b_script_execute                   vm
     00000002  b_script_runner_init               vm
     00000002  b_script_terminate                 vm
     00000002  b_vm_call                          vm
     00000002  b_vm_call_far                      vm
     00000002  b_vm_get_indirect                  vm
     00000002  b_vm_get_tlocal                    vm
     00000002  b_vm_idle                          vm
     00000002  b_vm_if                            vm
     00000002  b_vm_if_const                      vm
     00000002  b_vm_init_rng                      vm
     00000002  b_vm_invoke                        vm
     00000002  b_vm_join                          vm
ASxxxx Linker V03.00/V05.40 + sdld,  page 4.
Hexadecimal  [32-Bits]

Area                                    Addr        Size        Decimal Bytes (Attributes)
--------------------------------        ----        ----        ------- ----- ------------
.  .ABS.                            00000000    00000000 =           0. bytes (ABS,CON)

      Value  Global                              Global Defined In Module
      -----  --------------------------------   ------------------------
     00000002  b_vm_jump                          vm
     00000002  b_vm_lock                          vm
     00000002  b_vm_loop                          vm
     00000002  b_vm_memcpy                        vm
     00000002  b_vm_memset                        vm
     00000002  b_vm_poll_loaded                   vm
     00000002  b_vm_pop                           vm
     00000002  b_vm_push                          vm
     00000002  b_vm_push_reference                vm
     00000002  b_vm_push_value                    vm
     00000002  b_vm_push_value_ind                vm
     00000002  b_vm_raise                         vm
     00000002  b_vm_rand                          vm
     00000002  b_vm_rate_limit_const              vm
     00000002  b_vm_reserve                       vm
     00000002  b_vm_ret                           vm
     00000002  b_vm_ret_far                       vm
     00000002  b_vm_set                           vm
     00000002  b_vm_set_const                     vm
     00000002  b_vm_set_indirect                  vm
     00000002  b_vm_terminate                     vm
     00000002  b_vm_test_terminate                vm
     00000002  b_vm_unlock                        vm
     00000002  b_wait_frames                      vm
     00000002  l__HEADER10                     
     00000002  l__HEADER6                      
     00000002  l__HEADERd                      
     00000003  ___bank_VM_GAMEBOY                 vm_gameboy
     00000003  ___bank_VM_UI                      vm_ui
     00000003  ___bank_bg_lab_escape_tileset      bg_lab_escape_tileset
     00000003  ___bank_bg_lab_tileset             bg_lab_tileset
     00000003  ___bank_bg_tartar_tileset          bg_tartar_tileset
     00000003  ___bank_font_gbs_mono              font_gbs_mono
     00000003  ___bank_scene_5_triggers           scene_5_triggers
     00000003  b___HandleCrash_banked             
     00000003  b_projectile_launch                projectiles
     00000003  b_projectiles_init                 projectiles
     00000003  b_scroll_init                      scroll
     00000003  b_scroll_repaint                   scroll
     00000003  b_scroll_reset                     scroll
     00000003  b_scroll_update                    scroll
     00000003  b_vm_choice                        vm_ui
     00000003  b_vm_context_prepare               vm_gameboy
     00000003  b_vm_display_text                  vm_ui
     00000003  b_vm_fade                          vm_gameboy
     00000003  b_vm_get_tile_xy                   vm_gameboy
     00000003  b_vm_input_attach                  vm_gameboy
     00000003  b_vm_input_detach                  vm_gameboy
     00000003  b_vm_input_get                     vm_gameboy
     00000003  b_vm_input_wait                    vm_gameboy
     00000003  b_vm_load_tileset                  vm_gameboy
ASxxxx Linker V03.00/V05.40 + sdld,  page 5.
Hexadecimal  [32-Bits]

Area                                    Addr        Size        Decimal Bytes (Attributes)
--------------------------------        ----        ----        ------- ----- ------------
.  .ABS.                            00000000    00000000 =           0. bytes (ABS,CON)

      Value  Global                              Global Defined In Module
      -----  --------------------------------   ------------------------
     00000003  b_vm_overlay_clear                 vm_ui
     00000003  b_vm_overlay_move_to               vm_ui
     00000003  b_vm_overlay_scroll                vm_ui
     00000003  b_vm_overlay_set_map               vm_ui
     00000003  b_vm_overlay_set_scroll            vm_ui
     00000003  b_vm_overlay_set_submap            vm_ui
     00000003  b_vm_overlay_set_submap_ex         vm_ui
     00000003  b_vm_overlay_setpos                vm_ui
     00000003  b_vm_overlay_show                  vm_ui
     00000003  b_vm_overlay_wait                  vm_ui
     00000003  b_vm_poll                          vm_gameboy
     00000003  b_vm_replace_tile                  vm_gameboy
     00000003  b_vm_replace_tile_xy               vm_gameboy
     00000003  b_vm_rumble                        vm_gameboy
     00000003  b_vm_set_font                      vm_ui
     00000003  b_vm_set_sprite_mode               vm_gameboy
     00000003  b_vm_set_sprites_visible           vm_gameboy
     00000003  b_vm_set_text_sound                vm_ui
     00000003  b_vm_switch_text_layer             vm_ui
     00000003  b_vm_timer_prepare                 vm_gameboy
     00000003  b_vm_timer_reset                   vm_gameboy
     00000003  b_vm_timer_set                     vm_gameboy
     00000003  b_vm_timer_stop                    vm_gameboy
     00000003  l__HEADER9                      
     00000003  l__HEADER_LCD0                  
     00000004  ___bank_VM_CAMERA                  vm_camera
     00000004  ___bank_VM_SIO                     vm_sio
     00000004  ___bank_bg_checkin_tileset         bg_checkin_tileset
     00000004  ___bank_bg_lab_tilemap             bg_lab_tilemap
     00000004  ___bank_bg_lab_tilemap_attr        bg_lab_tilemap_attr
     00000004  ___bank_bg_main_tileset            bg_main_tileset
     00000004  ___bank_bg_tartar_tilemap          bg_tartar_tilemap
     00000004  ___bank_bg_tartar_tilemap_attr     bg_tartar_tilemap_attr
     00000004  ___bank_palette_1                  palette_1
     00000004  ___bank_scene_4_collisions         scene_4_collisions
     00000004  ___bank_scene_5_collisions         scene_5_collisions
     00000004  b_atan2                            math_atan2
     00000004  b_camera_shake_frames              vm_camera
     00000004  b_core_reset                       core
     00000004  b_core_run                         core
     00000004  b_data_clear                       load_save
     00000004  b_data_init                        load_save
     00000004  b_data_load                        load_save
     00000004  b_data_peek                        load_save
     00000004  b_data_save                        load_save
     00000004  b_gbprinter_detect                 gbprinter
     00000004  b_gbprinter_print_overlay          gbprinter
     00000004  b_scroll_rect                      
     00000004  b_topdown_init                     topdown
     00000004  b_topdown_update                   topdown
     00000004  b_trigger_activate_at              trigger
ASxxxx Linker V03.00/V05.40 + sdld,  page 6.
Hexadecimal  [32-Bits]

Area                                    Addr        Size        Decimal Bytes (Attributes)
--------------------------------        ----        ----        ------- ----- ------------
.  .ABS.                            00000000    00000000 =           0. bytes (ABS,CON)

      Value  Global                              Global Defined In Module
      -----  --------------------------------   ------------------------
     00000004  b_trigger_activate_at_intersecti   trigger
     00000004  b_trigger_at_tile                  trigger
     00000004  b_trigger_interact                 trigger
     00000004  b_trigger_reset                    trigger
     00000004  b_vm_camera_move_to                vm_camera
     00000004  b_vm_camera_set_pos                vm_camera
     00000004  b_vm_sio_exchange                  vm_sio
     00000004  b_vm_sio_set_mode                  vm_sio
     00000004  l__CRASH_HEADER1                
     00000004  l__HEADER_SIO0                  
     00000004  l__HEADER_TIMER0                
     00000005  ___bank_VM_GBPRINTER               vm_gbprinter
     00000005  ___bank_VM_LOAD_SAVE               vm_load_save
     00000005  ___bank_VM_MATH                    vm_math
     00000005  ___bank_VM_MUSIC                   vm_music
     00000005  ___bank_VM_PALETTE                 vm_palette
     00000005  ___bank_VM_PROJECTILE              vm_projectiles
     00000005  ___bank_VM_RTC                     vm_rtc
     00000005  ___bank_VM_SCENE                   vm_scene
     00000005  ___bank_bg_checkin                 bg_checkin
     00000005  ___bank_bg_checkin_tilemap         bg_checkin_tilemap
     00000005  ___bank_bg_checkin_tilemap_attr    bg_checkin_tilemap_attr
     00000005  ___bank_bg_in                      bg_in
     00000005  ___bank_bg_in_tilemap              bg_in_tilemap
     00000005  ___bank_bg_in_tilemap_attr         bg_in_tilemap_attr
     00000005  ___bank_bg_in_tileset              bg_in_tileset
     00000005  ___bank_bg_lab                     bg_lab
     00000005  ___bank_bg_lab_escape              bg_lab_escape
     00000005  ___bank_bg_lab_escape_tilemap      bg_lab_escape_tilemap
     00000005  ___bank_bg_lab_escape_tilemap_at   bg_lab_escape_tilemap_attr
     00000005  ___bank_bg_main                    bg_main
     00000005  ___bank_bg_main_tilemap            bg_main_tilemap
     00000005  ___bank_bg_main_tilemap_attr       bg_main_tilemap_attr
     00000005  ___bank_bg_placeholder             bg_placeholder
     00000005  ___bank_bg_placeholder_tilemap     bg_placeholder_tilemap
     00000005  ___bank_bg_placeholder_tilemap_a   bg_placeholder_tilemap_attr
     00000005  ___bank_bg_placeholder_tileset     bg_placeholder_tileset
     00000005  ___bank_bg_tartar                  bg_tartar
     00000005  ___bank_bootstrap_script           
     00000005  ___bank_cursor_image               cursor_image
     00000005  ___bank_frame_image                frame_image
     00000005  ___bank_scene_1                    scene_1
     00000005  ___bank_scene_1_collisions         scene_1_collisions
     00000005  ___bank_scene_1_init               scene_1_init
     00000005  ___bank_scene_2                    scene_2
     00000005  ___bank_scene_2_collisions         scene_2_collisions
     00000005  ___bank_scene_2_init               scene_2_init
     00000005  ___bank_scene_2_triggers           scene_2_triggers
     00000005  ___bank_scene_3                    scene_3
     00000005  ___bank_scene_3_collisions         scene_3_collisions
     00000005  ___bank_scene_3_init               scene_3_init
ASxxxx Linker V03.00/V05.40 + sdld,  page 7.
Hexadecimal  [32-Bits]

Area                                    Addr        Size        Decimal Bytes (Attributes)
--------------------------------        ----        ----        ------- ----- ------------
.  .ABS.                            00000000    00000000 =           0. bytes (ABS,CON)

      Value  Global                              Global Defined In Module
      -----  --------------------------------   ------------------------
     00000005  ___bank_scene_3_triggers           scene_3_triggers
     00000005  ___bank_scene_4                    scene_4
     00000005  ___bank_scene_4_init               scene_4_init
     00000005  ___bank_scene_4_triggers           scene_4_triggers
     00000005  ___bank_scene_5                    scene_5
     00000005  ___bank_scene_5_init               scene_5_init
     00000005  ___bank_scene_6                    scene_6
     00000005  ___bank_scene_6_init               scene_6_init
     00000005  ___bank_scene_6_triggers           scene_6_triggers
     00000005  ___bank_scene_7                    scene_7
     00000005  ___bank_scene_7_collisions         scene_7_collisions
     00000005  ___bank_scene_7_init               scene_7_init
     00000005  ___bank_script_engine_init         
     00000005  ___bank_sprite_actor_animated      sprite_actor_animated
     00000005  ___bank_sprite_actor_animated_ti   sprite_actor_animated_tilese
     00000005  ___bank_spritesheet_none           spritesheet_none
     00000005  ___bank_tileset_default_frame      tileset_default_frame
     00000005  ___bank_trigger_1_interact         trigger_1_interact
     00000005  ___bank_trigger_2_interact         trigger_2_interact
     00000005  ___bank_trigger_3_interact         trigger_3_interact
     00000005  ___bank_trigger_5_interact         trigger_5_interact
     00000005  ___bank_trigger_6_interact         trigger_6_interact
     00000005  ___bank_trigger_7_interact         trigger_7_interact
     00000005  ___bank_trigger_8_interact         trigger_8_interact
     00000005  b_camera_init                      camera
     00000005  b_camera_update                    camera
     00000005  b_erase_flash                      
     00000005  b_events_init                      events
     00000005  b_fade_applypalettechange          fade_manager
     00000005  b_fade_in                          fade_manager
     00000005  b_fade_in_modal                    fade_manager
     00000005  b_fade_init                        fade_manager
     00000005  b_fade_out                         fade_manager
     00000005  b_fade_out_modal                   fade_manager
     00000005  b_fade_setspeed                    fade_manager
     00000005  b_fade_update                      fade_manager
     00000005  b_input_init                       input
     00000005  b_isqrt                            math
     00000005  b_itoa_fmt                         vm_ui_a
     00000005  b_music_events_poll                music_manager
     00000005  b_music_init_driver                music_manager
     00000005  b_music_init_events                music_manager
     00000005  b_palette_init                     palette
     00000005  b_parallax_init                    parallax
     00000005  b_remove_LCD_ISRs                  interrupts
     00000005  b_restore_sram                     flasher
     00000005  b_restore_sram_bank                flasher
     00000005  b_save_sram                        flasher
     00000005  b_save_sram_banks                  
     00000005  b_timers_init                      events
     00000005  b_vm_cos_scale                     vm_math
ASxxxx Linker V03.00/V05.40 + sdld,  page 8.
Hexadecimal  [32-Bits]

Area                                    Addr        Size        Decimal Bytes (Attributes)
--------------------------------        ----        ----        ------- ----- ------------
.  .ABS.                            00000000    00000000 =           0. bytes (ABS,CON)

      Value  Global                              Global Defined In Module
      -----  --------------------------------   ------------------------
     00000005  b_vm_load_palette                  vm_palette
     00000005  b_vm_music_mute                    vm_music
     00000005  b_vm_music_play                    vm_music
     00000005  b_vm_music_routine                 vm_music
     00000005  b_vm_music_setpos                  vm_music
     00000005  b_vm_music_stop                    vm_music
     00000005  b_vm_print_detect                  vm_gbprinter
     00000005  b_vm_print_overlay                 vm_gbprinter
     00000005  b_vm_projectile_launch             vm_projectiles
     00000005  b_vm_projectile_load_type          vm_projectiles
     00000005  b_vm_rtc_get                       vm_rtc
     00000005  b_vm_rtc_latch                     vm_rtc
     00000005  b_vm_rtc_set                       vm_rtc
     00000005  b_vm_rtc_start                     vm_rtc
     00000005  b_vm_save_clear                    vm_load_save
     00000005  b_vm_save_peek                     vm_load_save
     00000005  b_vm_scene_pop                     vm_scene
     00000005  b_vm_scene_pop_all                 vm_scene
     00000005  b_vm_scene_push                    vm_scene
     00000005  b_vm_scene_stack_reset             vm_scene
     00000005  b_vm_sfx_play                      vm_music
     00000005  b_vm_sin_scale                     vm_math
     00000005  b_vm_sound_mastervol               vm_music
     00000005  l__CRASH_HEADER0                
     00000005  l__HEADER1                      
     00000006  l__HEADER8                      
     00000007  l__HEADER2                      
     00000008  l__HEADER3                      
     00000017  l__INITIALIZED                  
     00000017  l__INITIALIZER                  
     0000001A  l__HRAM                         
     0000002D  l__GSINIT                       
     00000030  l__HEADER7                      
     00000060  l__HEADER4                      
     000000AB  l__HEADER11                     
     000000FF  ___bank_VM_SGB                     vm_sgb
     000001CB  l__CRASH_SCRATCH2               
     00000200  s__CODE                         
     00000EB3  l__CODE                         
     000010B3  s__HOME                         
     00001AED  l__DATA                         
     00002000  _rROMB0                            
     0000299A  l__HOME                         
     00003000  _rROMB1                            
     00003828  l__CODE_5                       
     00003A4D  s__BASE                         
     00003A4D  s__CODE_0                       
     00003A4D  s__INITIALIZER                  
     00003A4D  s__LIT                          
     00003A64  s__GSINIT                       
     00003A91  s__GSFINAL                      
ASxxxx Linker V03.00/V05.40 + sdld,  page 9.
Hexadecimal  [32-Bits]

Area                                    Addr        Size        Decimal Bytes (Attributes)
--------------------------------        ----        ----        ------- ----- ------------
.  .ABS.                            00000000    00000000 =           0. bytes (ABS,CON)

      Value  Global                              Global Defined In Module
      -----  --------------------------------   ------------------------
     00003FFE  l__CODE_3                       
     00003FFF  l__CODE_1                       
     00003FFF  l__CODE_4                       
     00004000  _RTC_SELECT_REG                    vm_rtc
     00004000  _rMBC7_SRAM_ENABLE_2               
     00004000  _rRAMB                             
     00004000  l__CODE_2                       
     00006000  _RTC_LATCH_REG                     vm_rtc
     00008000  __VRAM                             
     00008000  __VRAM8000                         
     00008800  __VRAM8800                         
     00009000  __VRAM9000                         
     00009800  __SCRN0                            
     00009C00  __SCRN1                            
     0000A000  _RTC_VALUE_REG                     vm_rtc
     0000A000  __SRAM                             
     0000A000  _rMBC7_LATCH_1                     
     0000A010  _rMBC7_LATCH_2                     
     0000A020  _rMBC7_ACCEL_X_LO                  
     0000A030  _rMBC7_ACCEL_X_HI                  
     0000A040  _rMBC7_ACCEL_Y_LO                  
     0000A050  _rMBC7_ACCEL_Y_HI                  
     0000C000  __RAM                              
     0000C000  _shadow_OAM                     
     0000C0A0  s__DATA                         
     0000D000  __RAMBANK                          
     0000DB8D  s__BSS                          
     0000DB8D  s__INITIALIZED                  
     0000DBA4  s__HEAP                         
     0000DBA4  s__HEAP_END                     
     0000DF00  .STACK                          
     0000DF00  _shadow_OAM2                       absolute
     0000DFA0  _BkgPalette                        absolute
     0000DFE0  _vwf_tile_data                     absolute
     0000FE00  __OAMRAM                           
     0000FF00  _P1_REG                            
     0000FF00  __IO                               
     0000FF01  _SB_REG                            
     0000FF02  _SC_REG                            
     0000FF04  _DIV_REG                           
     0000FF05  _TIMA_REG                          
     0000FF06  _TMA_REG                           
     0000FF07  _TAC_REG                           
     0000FF0F  _IF_REG                            
     0000FF10  _NR10_REG                          
     0000FF11  _NR11_REG                          
     0000FF12  _NR12_REG                          
     0000FF13  _NR13_REG                          
     0000FF14  _NR14_REG                          
     0000FF16  _NR21_REG                          
     0000FF17  _NR22_REG                          
ASxxxx Linker V03.00/V05.40 + sdld,  page 10.
Hexadecimal  [32-Bits]

Area                                    Addr        Size        Decimal Bytes (Attributes)
--------------------------------        ----        ----        ------- ----- ------------
.  .ABS.                            00000000    00000000 =           0. bytes (ABS,CON)

      Value  Global                              Global Defined In Module
      -----  --------------------------------   ------------------------
     0000FF18  _NR23_REG                          
     0000FF19  _NR24_REG                          
     0000FF1A  _NR30_REG                          
     0000FF1B  _NR31_REG                          
     0000FF1C  _NR32_REG                          
     0000FF1D  _NR33_REG                          
     0000FF1E  _NR34_REG                          
     0000FF20  _NR41_REG                          
     0000FF21  _NR42_REG                          
     0000FF22  _NR43_REG                          
     0000FF23  _NR44_REG                          
     0000FF24  _NR50_REG                          
     0000FF25  _NR51_REG                          
     0000FF26  _NR52_REG                          
     0000FF30  _AUD3WAVE                          
     0000FF30  _PCM_SAMPLE                        
     0000FF30  __AUD3WAVERAM                      
     0000FF40  _LCDC_REG                          
     0000FF41  _STAT_REG                          
     0000FF42  _SCY_REG                           
     0000FF43  _SCX_REG                           
     0000FF44  _LY_REG                            
     0000FF45  _LYC_REG                           
     0000FF46  _DMA_REG                           
     0000FF47  _BGP_REG                           
     0000FF48  _OBP0_REG                          
     0000FF49  _OBP1_REG                          
     0000FF4A  _WY_REG                            
     0000FF4B  _WX_REG                            
     0000FF4D  _KEY1_REG                          
     0000FF4F  _VBK_REG                           
     0000FF51  _HDMA1_REG                         
     0000FF52  _HDMA2_REG                         
     0000FF53  _HDMA3_REG                         
     0000FF54  _HDMA4_REG                         
     0000FF55  _HDMA5_REG                         
     0000FF56  _RP_REG                            
     0000FF68  _BCPS_REG                          
     0000FF69  _BCPD_REG                          
     0000FF6A  _OCPS_REG                          
     0000FF6B  _OCPD_REG                          
     0000FF70  _SVBK_REG                          
     0000FF76  _PCM12_REG                         
     0000FF77  _PCM34_REG                         
     0000FF80  __HRAM                             
     0000FF80  s__HRAM                         
     0000FFFF  _IE_REG                            
     00014000  s__CODE_1                       
     00024000  s__CODE_2                       
     00034000  s__CODE_3                       
     00044000  s__CODE_4                       
ASxxxx Linker V03.00/V05.40 + sdld,  page 11.
Hexadecimal  [32-Bits]

Area                                    Addr        Size        Decimal Bytes (Attributes)
--------------------------------        ----        ----        ------- ----- ------------
.  .ABS.                            00000000    00000000 =           0. bytes (ABS,CON)

      Value  Global                              Global Defined In Module
      -----  --------------------------------   ------------------------
     00054000  s__CODE_5                       
     00FF4000  s__CODE_255                     

ASxxxx Linker V03.00/V05.40 + sdld,  page 12.
Hexadecimal  [32-Bits]

Area                                    Addr        Size        Decimal Bytes (Attributes)
--------------------------------        ----        ----        ------- ----- ------------
_CODE                               00000200    00000EB3 =        3763. bytes (REL,CON)

      Value  Global                              Global Defined In Module
      -----  --------------------------------   ------------------------
     00000206  _core_reset_hook                   main
     0000020E  _main                              main
     00000216  _script_cmds                       vm_instructions
     0000046A  _state_start_fns                   
     00000473  _state_update_fns                  
     0000047C  _save_signature                    game_signature
     00000480  _state_init                        
     00000485  _state_update                      
     000004A7  _SIO_send_byte                     
     000004BA  _SIO_receive                       
     000004CB  _ui_time_masks                     
     000004D3  _ui_print_shift_char               
     00000556  _ui_draw_frame_row                 
     0000055F  .ui_draw_frame_row                 
     00000584  _ui_draw_frame_row_cgb             
     0000058F  .ui_draw_frame_row_cgb             
     000005C3  ___HandleCrash                     
     000005D1  _start_scene_x                     
     000005D3  _start_scene_y                     
     000005D5  _start_scene_dir                   
     000005D6  _start_scene                       
     000005D9  _start_player_move_speed           
     000005DA  _start_player_anim_tick            
     000005DB  _ui_fonts                          
     000005DE  _GetWinAddr                        
     000005E6  _GetBkgAddr                        
     000005F4  __divsuchar                        divmod
     000005FA  __modsuchar                        divmod
     00000603  __divuschar                        divmod
     0000060C  __moduschar                        divmod
     00000618  __divschar                         divmod
     0000061D  __modschar                         divmod
     00000624  __divsint                          divmod
     0000062D  __modsint                          divmod
     00000639  __divuchar                         divmod
     0000063E  __moduchar                         divmod
     00000645  __divuint                          divmod
     0000064E  __moduint                          divmod
     0000065A  .div8                              divmod
     0000065A  .mod8                              divmod
     00000662  .div16                             divmod
     00000662  .mod16                             divmod
     00000698  .divu8                             divmod
     00000698  .modu8                             divmod
     0000069B  .divu16                            divmod
     0000069B  .modu16                            divmod
     000006DB  _hUGE_init                         hUGEDriver_obj
     000006DD  hUGE_init                          hUGEDriver_obj
     00000733  _hUGE_mute_channel                 hUGEDriver_obj
     00000735  hUGE_mute_channel                  hUGEDriver_obj
ASxxxx Linker V03.00/V05.40 + sdld,  page 13.
Hexadecimal  [32-Bits]

Area                                    Addr        Size        Decimal Bytes (Attributes)
--------------------------------        ----        ----        ------- ----- ------------
_CODE                               00000200    00000EB3 =        3763. bytes (REL,CON)

      Value  Global                              Global Defined In Module
      -----  --------------------------------   ------------------------
     00000983  _hUGE_set_position                 hUGEDriver_obj
     00000985  hUGE_set_position                  hUGEDriver_obj
     00000B4A  _hUGE_dosound                      hUGEDriver_obj
     00000B4A  hUGE_dosound                       hUGEDriver_obj
     00000E76  _get_vram_byte                     
     00000E7E  _get_win_tile_xy                   
     00000E86  _get_bkg_tile_xy                   
     00000EAD  _hide_sprites_range                Metasprites
     00000EDC  __mulsuchar                        mul
     00000EDF  __muluschar                        mul
     00000EE8  __mulschar                         mul
     00000EF0  __mulint                           mul
     00000F0F  __muluchar                         mul
     00000F21  _set_vram_byte                     
     00000F2A  _set_win_tile_xy                   
     00000F33  _set_bkg_tile_xy                   
     00000F62  .sgb_check                         
     00000F62  _sgb_check                         
     00000FAA  _sgb_transfer                      
     00000FAF  .sgb_transfer                      
     00000FF0  .copy_vram                         
     00000FF6  _get_data                          
     00000FF6  _set_data                          
     00000FF6  _vmemcpy                           
     00001044  ___move_metasprite                 Metasprites
     00001081  ___memcpy                          
     00001081  _memcpy                            

ASxxxx Linker V03.00/V05.40 + sdld,  page 14.
Hexadecimal  [32-Bits]

Area                                    Addr        Size        Decimal Bytes (Attributes)
--------------------------------        ----        ----        ------- ----- ------------
_HEADER0                            00000000    00000001 =           1. bytes (ABS,CON)

      Value  Global                              Global Defined In Module
      -----  --------------------------------   ------------------------
     00000020  .call_hl                           Runtime

ASxxxx Linker V03.00/V05.40 + sdld,  page 15.
Hexadecimal  [32-Bits]

Area                                    Addr        Size        Decimal Bytes (Attributes)
--------------------------------        ----        ----        ------- ----- ------------
_HEADER1                            00000000    00000005 =           5. bytes (ABS,CON)

      Value  Global                              Global Defined In Module
      -----  --------------------------------   ------------------------
     00000028  .MemsetSmall                       Runtime

ASxxxx Linker V03.00/V05.40 + sdld,  page 16.
Hexadecimal  [32-Bits]

Area                                    Addr        Size        Decimal Bytes (Attributes)
--------------------------------        ----        ----        ------- ----- ------------
_HEADER2                            00000000    00000007 =           7. bytes (ABS,CON)

      Value  Global                              Global Defined In Module
      -----  --------------------------------   ------------------------
     00000030  .MemcpySmall                       Runtime

ASxxxx Linker V03.00/V05.40 + sdld,  page 17.
Hexadecimal  [32-Bits]

Area                                    Addr        Size        Decimal Bytes (Attributes)
--------------------------------        ----        ----        ------- ----- ------------
_HEADER3                            00000000    00000008 =           8. bytes (ABS,CON)

      Value  Global                              Global Defined In Module
      -----  --------------------------------   ------------------------
ASxxxx Linker V03.00/V05.40 + sdld,  page 18.
Hexadecimal  [32-Bits]

Area                                    Addr        Size        Decimal Bytes (Attributes)
--------------------------------        ----        ----        ------- ----- ------------
_HEADER4                            00000000    00000060 =          96. bytes (ABS,CON)

      Value  Global                              Global Defined In Module
      -----  --------------------------------   ------------------------
     00000080  .int                               Runtime
     0000008F  _wait_int_handler                  Runtime
     0000009C  __standard_VBL_handler             Runtime
     000000AB  _refresh_OAM                       Runtime
     000000CC  _set_interrupts                    Runtime

ASxxxx Linker V03.00/V05.40 + sdld,  page 19.
Hexadecimal  [32-Bits]

Area                                    Addr        Size        Decimal Bytes (Attributes)
--------------------------------        ----        ----        ------- ----- ------------
_HEADER5                            00000000    00000001 =           1. bytes (ABS,CON)

      Value  Global                              Global Defined In Module
      -----  --------------------------------   ------------------------
ASxxxx Linker V03.00/V05.40 + sdld,  page 20.
Hexadecimal  [32-Bits]

Area                                    Addr        Size        Decimal Bytes (Attributes)
--------------------------------        ----        ----        ------- ----- ------------
_HEADER6                            00000000    00000002 =           2. bytes (ABS,CON)

      Value  Global                              Global Defined In Module
      -----  --------------------------------   ------------------------
ASxxxx Linker V03.00/V05.40 + sdld,  page 21.
Hexadecimal  [32-Bits]

Area                                    Addr        Size        Decimal Bytes (Attributes)
--------------------------------        ----        ----        ------- ----- ------------
_HEADER7                            00000000    00000030 =          48. bytes (ABS,CON)

      Value  Global                              Global Defined In Module
      -----  --------------------------------   ------------------------
ASxxxx Linker V03.00/V05.40 + sdld,  page 22.
Hexadecimal  [32-Bits]

Area                                    Addr        Size        Decimal Bytes (Attributes)
--------------------------------        ----        ----        ------- ----- ------------
_HEADER8                            00000000    00000006 =           6. bytes (ABS,CON)

      Value  Global                              Global Defined In Module
      -----  --------------------------------   ------------------------
ASxxxx Linker V03.00/V05.40 + sdld,  page 23.
Hexadecimal  [32-Bits]

Area                                    Addr        Size        Decimal Bytes (Attributes)
--------------------------------        ----        ----        ------- ----- ------------
_HEADER9                            00000000    00000003 =           3. bytes (ABS,CON)

      Value  Global                              Global Defined In Module
      -----  --------------------------------   ------------------------
ASxxxx Linker V03.00/V05.40 + sdld,  page 24.
Hexadecimal  [32-Bits]

Area                                    Addr        Size        Decimal Bytes (Attributes)
--------------------------------        ----        ----        ------- ----- ------------
_HEADERa                            00000000    00000001 =           1. bytes (ABS,CON)

      Value  Global                              Global Defined In Module
      -----  --------------------------------   ------------------------
ASxxxx Linker V03.00/V05.40 + sdld,  page 25.
Hexadecimal  [32-Bits]

Area                                    Addr        Size        Decimal Bytes (Attributes)
--------------------------------        ----        ----        ------- ----- ------------
_HEADERb                            00000000    00000001 =           1. bytes (ABS,CON)

      Value  Global                              Global Defined In Module
      -----  --------------------------------   ------------------------
ASxxxx Linker V03.00/V05.40 + sdld,  page 26.
Hexadecimal  [32-Bits]

Area                                    Addr        Size        Decimal Bytes (Attributes)
--------------------------------        ----        ----        ------- ----- ------------
_HEADERc                            00000000    00000001 =           1. bytes (ABS,CON)

      Value  Global                              Global Defined In Module
      -----  --------------------------------   ------------------------
ASxxxx Linker V03.00/V05.40 + sdld,  page 27.
Hexadecimal  [32-Bits]

Area                                    Addr        Size        Decimal Bytes (Attributes)
--------------------------------        ----        ----        ------- ----- ------------
_HEADERd                            00000000    00000002 =           2. bytes (ABS,CON)

      Value  Global                              Global Defined In Module
      -----  --------------------------------   ------------------------
ASxxxx Linker V03.00/V05.40 + sdld,  page 28.
Hexadecimal  [32-Bits]

Area                                    Addr        Size        Decimal Bytes (Attributes)
--------------------------------        ----        ----        ------- ----- ------------
_HEADERe                            00000000    00000001 =           1. bytes (ABS,CON)

      Value  Global                              Global Defined In Module
      -----  --------------------------------   ------------------------
ASxxxx Linker V03.00/V05.40 + sdld,  page 29.
Hexadecimal  [32-Bits]

Area                                    Addr        Size        Decimal Bytes (Attributes)
--------------------------------        ----        ----        ------- ----- ------------
_HEADERf                            00000000    00000001 =           1. bytes (ABS,CON)

      Value  Global                              Global Defined In Module
      -----  --------------------------------   ------------------------
ASxxxx Linker V03.00/V05.40 + sdld,  page 30.
Hexadecimal  [32-Bits]

Area                                    Addr        Size        Decimal Bytes (Attributes)
--------------------------------        ----        ----        ------- ----- ------------
_HEADER10                           00000000    00000002 =           2. bytes (ABS,CON)

      Value  Global                              Global Defined In Module
      -----  --------------------------------   ------------------------
ASxxxx Linker V03.00/V05.40 + sdld,  page 31.
Hexadecimal  [32-Bits]

Area                                    Addr        Size        Decimal Bytes (Attributes)
--------------------------------        ----        ----        ------- ----- ------------
_HEADER11                           00000000    000000AB =         171. bytes (ABS,CON)

      Value  Global                              Global Defined In Module
      -----  --------------------------------   ------------------------
     00000150  .reset                             Runtime
     00000150  _reset                             Runtime
     00000157  .code_start                        Runtime
     000001B9  _exit                              Runtime
     000001BD  .wait_vbl_done                     Runtime
     000001BD  _vsync                             Runtime
     000001BD  _wait_vbl_done                     Runtime
     000001CD  .remove_VBL                        Runtime
     000001CD  _remove_VBL                        Runtime
     000001D0  .remove_int                        Runtime
     000001ED  .add_VBL                           Runtime
     000001ED  _add_VBL                           Runtime
     000001F0  .add_int                           Runtime

ASxxxx Linker V03.00/V05.40 + sdld,  page 32.
Hexadecimal  [32-Bits]

Area                                    Addr        Size        Decimal Bytes (Attributes)
--------------------------------        ----        ----        ------- ----- ------------
_HOME                               000010B3    0000299A =       10650. bytes (REL,CON)

      Value  Global                              Global Defined In Module
      -----  --------------------------------   ------------------------
     000010B3  .memset_simple                     Runtime
     000010BC  .memcpy_simple                     Runtime
     000010D9  .display_off                       Runtime
     000010D9  _display_off                       Runtime
     000010F1  _sfx_play_isr                      sfx_player
     000011CA  _SetBankedBkgData                  bankdata
     000011E4  _SetBankedSpriteData               bankdata
     000011FE  _SetBankedBkgTiles                 bankdata
     00001218  _SetBankedWinTiles                 bankdata
     00001232  _ReadBankedFarPtr                  bankdata
     00001252  _ReadBankedUWORD                   bankdata
     0000126A  _MemcpyBanked                      bankdata
     0000128C  _MemcpyVRAMBanked                  bankdata
     000012BB  _IndexOfFarPtr                     bankdata
     00001330  _tile_col_test_range_y             collision
     00001402  _tile_col_test_range_x             collision
     000014C1  _vm_sgb_transfer                   vm_sgb
     00001509  _set_bkg_submap                    
     0000154C  _set_xy_win_submap                 
     00001579  .set_xy_win_submap                 
     00001582  .set_xy_bkg_submap                 
     00001591  .set_xy_submap                     
     000015DD  .timer_ISR                         
     000015F2  .sio_ISR                           
     0000164C  _vm_switch                         vm
     00001768  _vm_beginthread                    vm
     00001874  _vm_rpn                            vm
     000023EB  _vm_get_far                        vm
     00002442  _vm_call_native                    vm
     0000244E  _vm_asm                            vm
     00002466  _VM_STEP                           vm
     000024CB  _script_runner_update              vm
     00002646  _actors_render                     actor
     00002940  _actor_set_frames                  actor
     0000298D  _actor_set_anim_idle               actor
     000029AD  _load_animations                   data_manager
     00002A06  _scroll_load_pending_row           scroll
     00002A59  _scroll_load_row                   scroll
     00002A9A  _scroll_load_col                   scroll
     00002AD0  _scroll_load_pending_col           scroll
     00002B86  _projectiles_update                projectiles
     00002F2B  _projectiles_render                projectiles
     0000316C  _vm_load_text                      vm_ui
     0000322B  _vm_load_text_ex                   vm_ui
     00003282  _hUGETrackerRoutine                music_manager
     000032A9  _music_events_update               music_manager
     00003332  _music_play_isr                    music_manager
     000033CD  _events_update                     events
     00003499  _timers_update                     events
     00003530  _on_SIO_receive                    sio
ASxxxx Linker V03.00/V05.40 + sdld,  page 33.
Hexadecimal  [32-Bits]

Area                                    Addr        Size        Decimal Bytes (Attributes)
--------------------------------        ----        ----        ------- ----- ------------
_HOME                               000010B3    0000299A =       10650. bytes (REL,CON)

      Value  Global                              Global Defined In Module
      -----  --------------------------------   ------------------------
     00003573  _SIO_update                        sio
     000035D4  _input_update                      input
     00003602  _parallax_LCD_isr                  parallax
     0000363F  _simple_LCD_isr                    interrupts
     000036BE  _fullscreen_LCD_isr                interrupts
     000036EA  _VBL_isr                           interrupts
     00003734  _fill_win_rect                     
     00003746  _rand                              
     00003746  _randw                             
     00003771  _initrand                          
     00003773  .initrand                          
     0000377C  _get_bkg_data                      
     0000377C  _get_win_data                      
     000037C9  _get_sprite_data                   
     000037FC  _abs                               abs
     00003809  _set_win_tiles                     
     0000381D  _set_tile_data                     
     00003822  _set_bkg_data                      
     00003822  _set_win_data                      
     0000382A  _set_sprite_data                   
     0000385A  _reverse                           reverse
     0000388E  ___call__banked                    far_ptr
     000038AB  _to_far_ptr                        far_ptr
     000038E1  .add_LCD                           
     000038E1  _add_LCD                           
     000038E7  .remove_LCD                        
     000038E7  _remove_LCD                        
     000038ED  .fill_rect_wtt                     
     000038F6  .fill_rect_btt                     
     00003943  .padup                             
     00003943  _waitpadup                         
     00003953  .jpad                              
     00003953  _joypad                            
     0000397B  _waitpad                           
     0000397C  .wait_pad                          
     00003983  _fill_bkg_rect                     
     00003995  ___sdcc_call_hl                    call_hl
     00003996  _memset                            memset
     000039C9  .set_xy_wtt                        SetTileMap
     000039D2  .set_xy_btt                        SetTileMap
     000039E1  .set_xy_tt                         SetTileMap
     00003A25  ___sdcc_bcall_ehl                  
     00003A39  _set_bkg_tiles                     
ASxxxx Linker V03.00/V05.40 + sdld,  page 34.
Hexadecimal  [32-Bits]

Area                                    Addr        Size        Decimal Bytes (Attributes)
--------------------------------        ----        ----        ------- ----- ------------
_INITIALIZER                        00003A4D    00000017 =          23. bytes (REL,CON)

      Value  Global                              Global Defined In Module
      -----  --------------------------------   ------------------------
ASxxxx Linker V03.00/V05.40 + sdld,  page 35.
Hexadecimal  [32-Bits]

Area                                    Addr        Size        Decimal Bytes (Attributes)
--------------------------------        ----        ----        ------- ----- ------------
_GSINIT                             00003A64    0000002D =          45. bytes (REL,CON)

      Value  Global                              Global Defined In Module
      -----  --------------------------------   ------------------------
     00003A64  gsinit                             Runtime

ASxxxx Linker V03.00/V05.40 + sdld,  page 36.
Hexadecimal  [32-Bits]

Area                                    Addr        Size        Decimal Bytes (Attributes)
--------------------------------        ----        ----        ------- ----- ------------
_GSFINAL                            00003A91    00000001 =           1. bytes (REL,CON)

      Value  Global                              Global Defined In Module
      -----  --------------------------------   ------------------------
ASxxxx Linker V03.00/V05.40 + sdld,  page 37.
Hexadecimal  [32-Bits]

Area                                    Addr        Size        Decimal Bytes (Attributes)
--------------------------------        ----        ----        ------- ----- ------------
_DATA                               0000C0A0    00001AED =        6893. bytes (REL,CON)

      Value  Global                              Global Defined In Module
      -----  --------------------------------   ------------------------
     0000C0A0  __cpu                              Runtime
     0000C0A1  __is_GBA                           Runtime
     0000C0A2  .mode                              Runtime
     0000C0A3  .sys_time                          Runtime
     0000C0A3  _sys_time                          Runtime
     0000C0A5  .int_0x40                          Runtime
     0000C0B1  _sfx_play_bank                     sfx_player
     0000C0B2  _sfx_play_sample                   sfx_player
     0000C0B4  _sfx_frame_skip                    sfx_player
     0000C0B5  __is_CGB                           system
     0000C0B6  __is_SGB                           system
     0000C0B7  __current_ram_bank                 system
     0000C0B8  _game_time                         game_time
     0000C0B9  .image_tile_width                  
     0000C0BA  _SIO_status                        
     0000C0BB  _link_byte_sent                    
     0000C0BC  _link_next_mode                    
     0000C0BD  _win_pos_x                         ui
     0000C0BE  _win_dest_pos_x                    ui
     0000C0BF  _win_pos_y                         ui
     0000C0C0  _win_dest_pos_y                    ui
     0000C0C1  _win_speed                         ui
     0000C0C2  _text_drawn                        ui
     0000C0C3  _current_text_speed                ui
     0000C0C4  _text_options                      ui
     0000C0C5  _text_in_speed                     ui
     0000C0C6  _text_out_speed                    ui
     0000C0C7  _text_draw_speed                   ui
     0000C0C8  _text_ff_joypad                    ui
     0000C0C9  _text_ff                           ui
     0000C0CA  _text_bkg_fill                     ui
     0000C0CB  _ui_text_data                      ui
     0000C1D6  _vwf_current_mask                  ui
     0000C1D7  _vwf_current_rotate                ui
     0000C1D8  _vwf_inverse_map                   ui
     0000C1D9  _vwf_direction                     ui
     0000C1DA  _vwf_current_font_desc             ui
     0000C1E2  _vwf_current_font_bank             ui
     0000C1E3  _vwf_current_font_idx              ui
     0000C1E4  _text_render_base_addr             ui
     0000C1E6  _text_scroll_addr                  ui
     0000C1E8  _text_scroll_width                 ui
     0000C1E9  _text_scroll_height                ui
     0000C1EA  _text_scroll_fill                  ui
     0000C1EB  _text_sound_mask                   ui
     0000C1EC  _text_sound_bank                   ui
     0000C1ED  _text_sound_data                   ui
     0000C1EF  _overlay_priority                  ui
     0000C1F0  _text_palette                      ui
     0000C1FD  _plat_walk_vel                     platform
ASxxxx Linker V03.00/V05.40 + sdld,  page 38.
Hexadecimal  [32-Bits]

Area                                    Addr        Size        Decimal Bytes (Attributes)
--------------------------------        ----        ----        ------- ----- ------------
_DATA                               0000C0A0    00001AED =        6893. bytes (REL,CON)

      Value  Global                              Global Defined In Module
      -----  --------------------------------   ------------------------
     0000C1FF  _plat_run_vel                      platform
     0000C201  _plat_climb_vel                    platform
     0000C203  _plat_min_vel                      platform
     0000C205  _plat_walk_acc                     platform
     0000C207  _plat_run_acc                      platform
     0000C209  _plat_dec                          platform
     0000C20B  _plat_jump_vel                     platform
     0000C20D  _plat_grav                         platform
     0000C20F  _plat_hold_grav                    platform
     0000C211  _plat_max_fall_vel                 platform
     0000C213  _plat_camera_block                 platform
     0000C214  _plat_drop_through_active          platform
     0000C215  _plat_jump_hold_vel                platform
     0000C217  _plat_jump_hold_frames             platform
     0000C218  _plat_extra_jumps                  platform
     0000C219  _plat_jump_reduction               platform
     0000C21B  _plat_coyote_frames                platform
     0000C21C  _plat_jump_buffer_frames           platform
     0000C21D  _plat_wall_jump_max                platform
     0000C21E  _plat_wall_slide                   platform
     0000C21F  _plat_wall_slide_vel               platform
     0000C221  _plat_wall_kick                    platform
     0000C223  _plat_float_active                 platform
     0000C224  _plat_float_vel                    platform
     0000C226  _plat_air_control                  platform
     0000C227  _plat_turn_control                 platform
     0000C228  _plat_air_dec                      platform
     0000C22A  _plat_turn_acc                     platform
     0000C22C  _plat_run_boost                    platform
     0000C22E  _plat_dash_active                  platform
     0000C22F  _plat_dash_from                    platform
     0000C230  _plat_dash_jump_from               platform
     0000C231  _plat_dash_mask                    platform
     0000C232  _plat_dash_dist                    platform
     0000C234  _plat_dash_frames                  platform
     0000C235  _plat_dash_ready_frames            platform
     0000C236  _plat_dash_deadzone                platform
     0000C237  _plat_knockback_vel_x              platform
     0000C239  _plat_knockback_vel_y              platform
     0000C23B  _plat_knockback_frames             platform
     0000C23C  _plat_blank_grav                   platform
     0000C23E  _plat_events                       platform
     0000C2A7  _plat_state                        platform
     0000C2A8  _plat_next_state                   platform
     0000C2A9  _plat_vel_x                        platform
     0000C2AB  _plat_vel_y                        platform
     0000C2AD  _plat_delta_x                      platform
     0000C2AF  _plat_delta_y                      platform
     0000C2B1  _plat_coyote_timer                 platform
     0000C2B2  _plat_jump_buffer_timer            platform
     0000C2B3  _plat_wall_coyote_timer            platform
ASxxxx Linker V03.00/V05.40 + sdld,  page 39.
Hexadecimal  [32-Bits]

Area                                    Addr        Size        Decimal Bytes (Attributes)
--------------------------------        ----        ----        ------- ----- ------------
_DATA                               0000C0A0    00001AED =        6893. bytes (REL,CON)

      Value  Global                              Global Defined In Module
      -----  --------------------------------   ------------------------
     0000C2B4  _plat_hold_jump_timer              platform
     0000C2B5  _plat_extra_jumps_counter          platform
     0000C2B6  _plat_wall_jump_counter            platform
     0000C2B7  _plat_knockback_timer              platform
     0000C2B8  _plat_drop_timer                   platform
     0000C2B9  _plat_nocontrol_h_timer            platform
     0000C2BA  _plat_wall_col                     platform
     0000C2BB  _plat_last_wall_col                platform
     0000C2BC  _plat_dash_pressed                 platform
     0000C2BD  _plat_dash_cooldown_timer          platform
     0000C2BE  _plat_dash_per_frame               platform
     0000C2C0  _plat_dash_currentframe            platform
     0000C2C1  _plat_tap_timer                    platform
     0000C2C2  _plat_attached_actor               platform
     0000C2C4  _plat_is_actor_attached            platform
     0000C2C5  _plat_attached_prev_x              platform
     0000C2C7  _plat_attached_prev_y              platform
     0000C2C9  _plat_jump_vel_per_frame           platform
     0000C2CB  _plat_jump_reduction_vel           platform
     0000C2CD  _plat_camera_deadzone_x            platform
     0000C2CE  _plat_grounded                     platform
     0000C2CF  _plat_on_slope                     platform
     0000C2D0  _plat_slope_y                      platform
     0000C2D1  _did_interact_actor                platform
     0000C2D2  _plat_ladder_block_h               platform
     0000C2D3  _plat_ladder_block_v               platform
     0000C2D4  _plat_anim_dirty                   platform
     0000C2D5  _plat_run_stage                    platform
     0000C2D6  _plat_jump_type                    platform
     0000C2D7  _CTXS                              vm
     0000C407  _first_ctx                         vm
     0000C409  _free_ctxs                         vm
     0000C40B  _old_executing_ctx                 vm
     0000C40D  _executing_ctx                     vm
     0000C40F  _vm_lock_state                     vm
     0000C410  _vm_loaded_state                   vm
     0000C411  _vm_exception_code                 vm
     0000C412  _vm_exception_params_length        vm
     0000C413  _vm_exception_params_bank          vm
     0000C414  _vm_exception_params_offset        vm
     0000C419  _script_memory                     vm
     0000D21F  _actors                            actor
     0000D6B7  _actors_active_head                actor
     0000D6B9  _actors_active_tail                actor
     0000D6BB  _actors_inactive_head              actor
     0000D6BD  _screen_x                          actor
     0000D6BE  _screen_y                          actor
     0000D6BF  _invalid                           actor
     0000D6C1  _player_moving                     actor
     0000D6C2  _player_iframes                    actor
     0000D6C3  _player_collision_actor            actor
ASxxxx Linker V03.00/V05.40 + sdld,  page 40.
Hexadecimal  [32-Bits]

Area                                    Addr        Size        Decimal Bytes (Attributes)
--------------------------------        ----        ----        ------- ----- ------------
_DATA                               0000C0A0    00001AED =        6893. bytes (REL,CON)

      Value  Global                              Global Defined In Module
      -----  --------------------------------   ------------------------
     0000D6C5  _emote_actor                       actor
     0000D6C7  _emote_timer                       actor
     0000D6C8  _allocated_sprite_tiles            actor
     0000D6C9  _allocated_hardware_sprites        actor
     0000D6D4  _current_scene                     data_manager
     0000D6D7  _image_bank                        data_manager
     0000D6D8  _image_ptr                         data_manager
     0000D6DA  _image_attr_bank                   data_manager
     0000D6DB  _image_attr_ptr                    data_manager
     0000D6DD  _collision_bank                    data_manager
     0000D6DE  _collision_ptr                     data_manager
     0000D6E0  _image_tile_width                  data_manager
     0000D6E1  _image_tile_height                 data_manager
     0000D6E2  _image_width                       data_manager
     0000D6E4  _image_height                      data_manager
     0000D6E6  _image_width_subpx                 data_manager
     0000D6E8  _image_height_subpx                data_manager
     0000D6EA  _sprites_len                       data_manager
     0000D6EB  _actors_len                        data_manager
     0000D6EC  _projectiles_len                   data_manager
     0000D6ED  _player_sprite_len                 data_manager
     0000D6EE  _scene_type                        data_manager
     0000D6EF  _scene_LCD_type                    data_manager
     0000D6F0  _scene_stack                       data_manager
     0000D730  _scene_stack_ptr                   data_manager
     0000D732  _scene_sprites_base_tiles          data_manager
     0000D772  _scroll_x                          scroll
     0000D774  _scroll_y                          scroll
     0000D776  _draw_scroll_x                     scroll
     0000D778  _draw_scroll_y                     scroll
     0000D77A  _scroll_x_min                      scroll
     0000D77C  _scroll_y_min                      scroll
     0000D77E  _scroll_x_max                      scroll
     0000D780  _scroll_y_max                      scroll
     0000D782  _scroll_offset_x                   scroll
     0000D783  _scroll_offset_y                   scroll
     0000D784  _pending_h_x                       scroll
     0000D785  _pending_h_y                       scroll
     0000D786  _pending_h_i                       scroll
     0000D787  _pending_w_x                       scroll
     0000D788  _pending_w_y                       scroll
     0000D789  _pending_w_i                       scroll
     0000D78A  _current_row                       scroll
     0000D78C  _new_row                           scroll
     0000D78E  _current_col                       scroll
     0000D790  _new_col                           scroll
     0000D792  _projectiles                       projectiles
     0000D85F  _projectile_defs                   projectiles
     0000D8EB  _projectiles_active_head           projectiles
     0000D8ED  _projectiles_inactive_head         projectiles
     0000D8FA  _topdown_grid                      topdown
ASxxxx Linker V03.00/V05.40 + sdld,  page 41.
Hexadecimal  [32-Bits]

Area                                    Addr        Size        Decimal Bytes (Attributes)
--------------------------------        ----        ----        ------- ----- ------------
_DATA                               0000C0A0    00001AED =        6893. bytes (REL,CON)

      Value  Global                              Global Defined In Module
      -----  --------------------------------   ------------------------
     0000D8FD  _save_blob_size                    load_save
     0000D8FF  _pause_state_update                core
     0000D908  _triggers                          trigger
     0000DA00  _triggers_len                      trigger
     0000DA01  _last_trigger_tx                   trigger
     0000DA02  _last_trigger_ty                   trigger
     0000DA03  _last_trigger                      trigger
     0000DA04  _camera_x                          camera
     0000DA06  _camera_y                          camera
     0000DA08  _camera_clamp_x                    camera
     0000DA0A  _camera_clamp_y                    camera
     0000DA0C  _camera_offset_x                   camera
     0000DA0D  _camera_offset_y                   camera
     0000DA0E  _camera_deadzone_x                 camera
     0000DA0F  _camera_deadzone_y                 camera
     0000DA10  _camera_settings                   camera
     0000DA11  _fade_running                      fade_manager
     0000DA12  _fade_frames_per_step              fade_manager
     0000DA13  _fade_timer                        fade_manager
     0000DA14  _fade_style                        fade_manager
     0000DA17  __itoa_fmt_len                     vm_ui_a
     0000DA18  .itoa_fmt_buf                      vm_ui_a
     0000DA1B  _routine_queue                     music_manager
     0000DA1F  _routine_queue_head                music_manager
     0000DA20  _routine_queue_tail                music_manager
     0000DA21  _music_events                      music_manager
     0000DA35  _music_current_track_bank          music_manager
     0000DA36  _music_mute_mask                   music_manager
     0000DA37  _music_effective_mute              music_manager
     0000DA38  _music_next_track                  music_manager
     0000DA3A  _music_current_track               music_manager
     0000DA3C  _music_play_isr_counter            music_manager
     0000DA3D  _music_play_isr_pause              music_manager
     0000DA3E  _music_global_mute_mask            music_manager
     0000DA3F  _music_sfx_priority                music_manager
     0000DA40  _input_events                      events
     0000DA68  _input_slots                       events
     0000DA70  _timer_events                      events
     0000DA84  _timer_values                      events
     0000DA8C  _link_operation_mode               sio
     0000DA8D  _link_packet                       sio
     0000DAAD  _link_packet_len                   sio
     0000DAAE  _link_packet_ptr                   sio
     0000DAB0  _link_packet_received              sio
     0000DAB1  _link_packet_snd_len               sio
     0000DAB2  _link_packet_snd_ptr               sio
     0000DAB4  _link_packet_sent                  sio
     0000DAB5  _joypads                           input
     0000DABA  _frame_joy                         input
     0000DABB  _last_joy                          input
     0000DABC  _recent_joy                        input
ASxxxx Linker V03.00/V05.40 + sdld,  page 42.
Hexadecimal  [32-Bits]

Area                                    Addr        Size        Decimal Bytes (Attributes)
--------------------------------        ----        ----        ------- ----- ------------
_DATA                               0000C0A0    00001AED =        6893. bytes (REL,CON)

      Value  Global                              Global Defined In Module
      -----  --------------------------------   ------------------------
     0000DABD  _joy_pressed                       input
     0000DABE  _parallax_rows                     parallax
     0000DAD0  _parallax_row                      parallax
     0000DAD2  _hide_sprites                      interrupts
     0000DAD3  _show_actors_on_overlay            interrupts
     0000DAD4  _DMG_palette                       palette
     0000DAD7  _SprPalette                        palette
     0000DB17  ___rand_seed                       
     0000DB35  _hUGE_current_wave                 hUGEDriver_obj
     0000DB35  hUGE_current_wave                  hUGEDriver_obj
     0000DB36  _hUGE_mute_mask                    hUGEDriver_obj
     0000DB7D  ___call_banked_addr                far_ptr
     0000DB7D  ___call_banked_ptr                 far_ptr
     0000DB7F  ___call_banked_bank                far_ptr
     0000DB81  .int_0x48                          
     0000DB89  ___current_metasprite              Metasprites
     0000DB8B  ___current_base_tile               Metasprites
     0000DB8C  ___current_base_prop               Metasprites

ASxxxx Linker V03.00/V05.40 + sdld,  page 43.
Hexadecimal  [32-Bits]

Area                                    Addr        Size        Decimal Bytes (Attributes)
--------------------------------        ----        ----        ------- ----- ------------
_INITIALIZED                        0000DB8D    00000017 =          23. bytes (REL,CON)

      Value  Global                              Global Defined In Module
      -----  --------------------------------   ------------------------
     0000DB8D  _tile_hit_x                        collision
     0000DB8E  _tile_hit_y                        collision
     0000DB8F  __submap_tile_offset               
     0000DB90  _plat_temp_y                       platform
     0000DB92  _exchange_state                    vm_sio
     0000DB93  _PRN_PKT_START                     gbprinter
     0000DBA1  _overlay_cut_scanline              interrupts
     0000DBA2  ___render_shadow_OAM               Metasprites
     0000DBA3  __map_tile_offset                  SetTileMap
ASxxxx Linker V03.00/V05.40 + sdld,  page 44.
Hexadecimal  [32-Bits]

Area                                    Addr        Size        Decimal Bytes (Attributes)
--------------------------------        ----        ----        ------- ----- ------------
_HRAM                               0000FF80    0000001A =          26. bytes (REL,CON)

      Value  Global                              Global Defined In Module
      -----  --------------------------------   ------------------------
     0000FF80  .refresh_OAM                       Runtime
     0000FF90  __current_bank                     Runtime
     0000FF91  __vbl_done                         Runtime
     0000FF92  __shadow_OAM_base                  Runtime

ASxxxx Linker V03.00/V05.40 + sdld,  page 45.
Hexadecimal  [32-Bits]

Area                                    Addr        Size        Decimal Bytes (Attributes)
--------------------------------        ----        ----        ------- ----- ------------
_CODE_255                           00FF4000    00000000 =           0. bytes (REL,CON)

      Value  Global                              Global Defined In Module
      -----  --------------------------------   ------------------------
     00FF4000  ___func_VM_SGB                     vm_sgb

ASxxxx Linker V03.00/V05.40 + sdld,  page 46.
Hexadecimal  [32-Bits]

Area                                    Addr        Size        Decimal Bytes (Attributes)
--------------------------------        ----        ----        ------- ----- ------------
_HEADER_TIMER0                      00000000    00000004 =           4. bytes (ABS,CON)

      Value  Global                              Global Defined In Module
      -----  --------------------------------   ------------------------
ASxxxx Linker V03.00/V05.40 + sdld,  page 47.
Hexadecimal  [32-Bits]

Area                                    Addr        Size        Decimal Bytes (Attributes)
--------------------------------        ----        ----        ------- ----- ------------
_HEADER_SIO0                        00000000    00000004 =           4. bytes (ABS,CON)

[...]
C:/Users/Luis/AppData/Local/Temp/_gbsbuild/obj/absolute.rel
                                          [ absolute ]
C:/Users/Luis/AppData/Local/Temp/_gbsbuild/obj/sfx_player.rel
                                          [ sfx_player ]
C:/Users/Luis/AppData/Local/Temp/_gbsbuild/obj/bankdata.rel
                                          [ bankdata ]
C:/Users/Luis/AppData/Local/Temp/_gbsbuild/obj/system.rel
                                          [ system ]
C:/Users/Luis/AppData/Local/Temp/_gbsbuild/obj/collision.rel
                                          [ collision ]
C:/Users/Luis/AppData/Local/Temp/_gbsbuild/obj/main.rel
                                          [ main ]
C:/Users/Luis/AppData/Local/Temp/_gbsbuild/obj/vm_instructions.rel
                                          [ vm_instructions ]
C:/Users/Luis/AppData/Local/Temp/_gbsbuild/obj/states_ptrs.rel
                                          [  ]
C:/Users/Luis/AppData/Local/Temp/_gbsbuild/obj/game_signature.rel
                                          [ game_signature ]
C:/Users/Luis/AppData/Local/Temp/_gbsbuild/obj/vm_sgb.rel
                                          [ vm_sgb ]
C:/Users/Luis/AppData/Local/Temp/_gbsbuild/obj/game_time.rel
                                          [ game_time ]
C:/Users/Luis/AppData/Local/Temp/_gbsbuild/obj/states_caller.rel
                                          [  ]
C:/Users/Luis/AppData/Local/Temp/_gbsbuild/obj/set_tile_submap.rel
                                          [  ]
C:/Users/Luis/AppData/Local/Temp/_gbsbuild/obj/interrupt_timer.rel
                                          [  ]
C:/Users/Luis/AppData/Local/Temp/_gbsbuild/obj/interrupt_sio.rel
                                          [  ]
C:/Users/Luis/AppData/Local/Temp/_gbsbuild/obj/ui.rel
                                          [ ui ]
C:/Users/Luis/AppData/Local/Temp/_gbsbuild/obj/ui_a.rel
                                          [  ]
C:/Users/Luis/AppData/Local/Temp/_gbsbuild/obj/vm_actor.rel
                                          [ vm_actor ]
C:/Users/Luis/AppData/Local/Temp/_gbsbuild/obj/platform.rel
                                          [ platform ]
C:/Users/Luis/AppData/Local/Temp/_gbsbuild/obj/vm.rel
                                          [ vm ]
C:/Users/Luis/AppData/Local/Temp/_gbsbuild/obj/actor.rel
                                          [ actor ]
C:/Users/Luis/AppData/Local/Temp/_gbsbuild/obj/font_gbs_mono.rel
                                          [ font_gbs_mono ]
C:/Users/Luis/AppData/Local/Temp/_gbsbuild/obj/data_manager.rel
                                          [ data_manager ]
C:/Users/Luis/AppData/Local/Temp/_gbsbuild/obj/bg_lab_escape_tileset.rel
                                          [ bg_lab_escape_tileset ]
C:/Users/Luis/AppData/Local/Temp/_gbsbuild/obj/scroll.rel
                                          [ scroll ]
C:/Users/Luis/AppData/Local/Temp/_gbsbuild/obj/projectiles.rel
                                          [ projectiles ]
C:/Users/Luis/AppData/Local/Temp/_gbsbuild/obj/bg_tartar_tileset.rel
                                          [ bg_tartar_tileset ]
C:/Users/Luis/AppData/Local/Temp/_gbsbuild/obj/bg_lab_tileset.rel
                                          [ bg_lab_tileset ]
C:/Users/Luis/AppData/Local/Temp/_gbsbuild/obj/vm_ui.rel
                                          [ vm_ui ]
C:/Users/Luis/AppData/Local/Temp/_gbsbuild/obj/vm_gameboy.rel
                                          [ vm_gameboy ]
C:/Users/Luis/AppData/Local/Temp/_gbsbuild/obj/topdown.rel
                                          [ topdown ]
C:/Users/Luis/AppData/Local/Temp/_gbsbuild/obj/scene_4_collisions.rel
                                          [ scene_4_collisions ]
C:/Users/Luis/AppData/Local/Temp/_gbsbuild/obj/bg_tartar_tilemap.rel
                                          [ bg_tartar_tilemap ]
C:/Users/Luis/AppData/Local/Temp/_gbsbuild/obj/bg_tartar_tilemap_attr.rel
                                          [ bg_tartar_tilemap_attr ]
C:/Users/Luis/AppData/Local/Temp/_gbsbuild/obj/bg_main_tileset.rel
                                          [ bg_main_tileset ]
C:/Users/Luis/AppData/Local/Temp/_gbsbuild/obj/bg_checkin_tileset.rel
                                          [ bg_checkin_tileset ]
C:/Users/Luis/AppData/Local/Temp/_gbsbuild/obj/load_save.rel
                                          [ load_save ]
C:/Users/Luis/AppData/Local/Temp/_gbsbuild/obj/core.rel
                                          [ core ]
C:/Users/Luis/AppData/Local/Temp/_gbsbuild/obj/vm_camera.rel
                                          [ vm_camera ]
C:/Users/Luis/AppData/Local/Temp/_gbsbuild/obj/crash_handler.rel
                                          [  ]
C:/Users/Luis/AppData/Local/Temp/_gbsbuild/obj/vm_sio.rel
                                          [ vm_sio ]
C:/Users/Luis/AppData/Local/Temp/_gbsbuild/obj/gbprinter.rel
                                          [ gbprinter ]
C:/Users/Luis/AppData/Local/Temp/_gbsbuild/obj/math_atan2.rel
                                          [ math_atan2 ]
C:/Users/Luis/AppData/Local/Temp/_gbsbuild/obj/trigger.rel
                                          [ trigger ]
C:/Users/Luis/AppData/Local/Temp/_gbsbuild/obj/bg_lab_tilemap_attr.rel
                                          [ bg_lab_tilemap_attr ]
C:/Users/Luis/AppData/Local/Temp/_gbsbuild/obj/scene_5_collisions.rel
                                          [ scene_5_collisions ]
C:/Users/Luis/AppData/Local/Temp/_gbsbuild/obj/bg_lab_tilemap.rel
                                          [ bg_lab_tilemap ]
C:/Users/Luis/AppData/Local/Temp/_gbsbuild/obj/bg_in_tilemap.rel
                                          [ bg_in_tilemap ]
C:/Users/Luis/AppData/Local/Temp/_gbsbuild/obj/scene_3_collisions.rel
                                          [ scene_3_collisions ]
C:/Users/Luis/AppData/Local/Temp/_gbsbuild/obj/bg_in_tilemap_attr.rel
                                          [ bg_in_tilemap_attr ]
C:/Users/Luis/AppData/Local/Temp/_gbsbuild/obj/scene_6_collisions.rel
                                          [ scene_6_collisions ]
C:/Users/Luis/AppData/Local/Temp/_gbsbuild/obj/bg_lab_escape_tilemap_attr.rel
                                          [ bg_lab_escape_tilemap_attr ]
C:/Users/Luis/AppData/Local/Temp/_gbsbuild/obj/bg_lab_escape_tilemap.rel
                                          [ bg_lab_escape_tilemap ]
C:/Users/Luis/AppData/Local/Temp/_gbsbuild/obj/vm_math.rel
                                          [ vm_math ]
C:/Users/Luis/AppData/Local/Temp/_gbsbuild/obj/sgb_border.rel
                                          [ sgb_border ]
C:/Users/Luis/AppData/Local/Temp/_gbsbuild/obj/bg_main_tilemap.rel
                                          [ bg_main_tilemap ]
C:/Users/Luis/AppData/Local/Temp/_gbsbuild/obj/scene_1_collisions.rel
                                          [ scene_1_collisions ]
C:/Users/Luis/AppData/Local/Temp/_gbsbuild/obj/bg_main_tilemap_attr.rel
                                          [ bg_main_tilemap_attr ]
C:/Users/Luis/AppData/Local/Temp/_gbsbuild/obj/bg_checkin_tilemap_attr.rel
                                          [ bg_checkin_tilemap_attr ]
C:/Users/Luis/AppData/Local/Temp/_gbsbuild/obj/scene_2_collisions.rel
                                          [ scene_2_collisions ]
C:/Users/Luis/AppData/Local/Temp/_gbsbuild/obj/bg_checkin_tilemap.rel
                                          [ bg_checkin_tilemap ]
C:/Users/Luis/AppData/Local/Temp/_gbsbuild/obj/camera.rel
                                          [ camera ]
C:/Users/Luis/AppData/Local/Temp/_gbsbuild/obj/bg_in_tileset.rel
                                          [ bg_in_tileset ]
C:/Users/Luis/AppData/Local/Temp/_gbsbuild/obj/fade_manager.rel
                                          [ fade_manager ]
C:/Users/Luis/AppData/Local/Temp/_gbsbuild/obj/trigger_5_interact.rel
                                          [ trigger_5_interact ]
C:/Users/Luis/AppData/Local/Temp/_gbsbuild/obj/scene_7_collisions.rel
                                          [ scene_7_collisions ]
C:/Users/Luis/AppData/Local/Temp/_gbsbuild/obj/bg_placeholder_tilemap_attr.rel
                                          [ bg_placeholder_tilemap_attr ]
C:/Users/Luis/AppData/Local/Temp/_gbsbuild/obj/bg_placeholder_tilemap.rel
                                          [ bg_placeholder_tilemap ]
C:/Users/Luis/AppData/Local/Temp/_gbsbuild/obj/vm_palette.rel
                                          [ vm_palette ]
C:/Users/Luis/AppData/Local/Temp/_gbsbuild/obj/vm_music.rel
                                          [ vm_music ]
C:/Users/Luis/AppData/Local/Temp/_gbsbuild/obj/script_engine_init.rel
                                          [  ]
C:/Users/Luis/AppData/Local/Temp/_gbsbuild/obj/flasher_s.rel
                                          [  ]
C:/Users/Luis/AppData/Local/Temp/_gbsbuild/obj/sprite_actor_animated_tileset.rel
                                          [ sprite_actor_animated_tileset ]
C:/Users/Luis/AppData/Local/Temp/_gbsbuild/obj/vm_rtc.rel
                                          [ vm_rtc ]
C:/Users/Luis/AppData/Local/Temp/_gbsbuild/obj/vm_ui_a.rel
                                          [ vm_ui_a ]
C:/Users/Luis/AppData/Local/Temp/_gbsbuild/obj/vm_projectiles.rel
                                          [ vm_projectiles ]
C:/Users/Luis/AppData/Local/Temp/_gbsbuild/obj/music_manager.rel
                                          [ music_manager ]
C:/Users/Luis/AppData/Local/Temp/_gbsbuild/obj/scene_1_init.rel
                                          [ scene_1_init ]
C:/Users/Luis/AppData/Local/Temp/_gbsbuild/obj/vm_scene.rel
                                          [ vm_scene ]
C:/Users/Luis/AppData/Local/Temp/_gbsbuild/obj/sprite_actor_animated.rel
                                          [ sprite_actor_animated ]
C:/Users/Luis/AppData/Local/Temp/_gbsbuild/obj/vm_gbprinter.rel
                                          [ vm_gbprinter ]
C:/Users/Luis/AppData/Local/Temp/_gbsbuild/obj/vm_load_save.rel
                                          [ vm_load_save ]
C:/Users/Luis/AppData/Local/Temp/_gbsbuild/obj/tileset_default_frame.rel
                                          [ tileset_default_frame ]
C:/Users/Luis/AppData/Local/Temp/_gbsbuild/obj/frame_image.rel
                                          [ frame_image ]
C:/Users/Luis/AppData/Local/Temp/_gbsbuild/obj/events.rel
                                          [ events ]
C:/Users/Luis/AppData/Local/Temp/_gbsbuild/obj/flasher.rel
                                          [ flasher ]
C:/Users/Luis/AppData/Local/Temp/_gbsbuild/obj/scene_5.rel
                                          [ scene_5 ]
C:/Users/Luis/AppData/Local/Temp/_gbsbuild/obj/scene_6.rel
                                          [ scene_6 ]
C:/Users/Luis/AppData/Local/Temp/_gbsbuild/obj/scene_2.rel
                                          [ scene_2 ]
C:/Users/Luis/AppData/Local/Temp/_gbsbuild/obj/scene_7.rel
                                          [ scene_7 ]
C:/Users/Luis/AppData/Local/Temp/_gbsbuild/obj/scene_4.rel
                                          [ scene_4 ]
C:/Users/Luis/AppData/Local/Temp/_gbsbuild/obj/scene_3.rel
                                          [ scene_3 ]
C:/Users/Luis/AppData/Local/Temp/_gbsbuild/obj/scene_1.rel
                                          [ scene_1 ]
C:/Users/Luis/AppData/Local/Temp/_gbsbuild/obj/bg_placeholder_tileset.rel
                                          [ bg_placeholder_tileset ]
C:/Users/Luis/AppData/Local/Temp/_gbsbuild/obj/scroll_a.rel
                                          [  ]
C:/Users/Luis/AppData/Local/Temp/_gbsbuild/obj/trigger_1_interact.rel
                                          [ trigger_1_interact ]
C:/Users/Luis/AppData/Local/Temp/_gbsbuild/obj/trigger_6_interact.rel
                                          [ trigger_6_interact ]
C:/Users/Luis/AppData/Local/Temp/_gbsbuild/obj/trigger_7_interact.rel
                                          [ trigger_7_interact ]
C:/Users/Luis/AppData/Local/Temp/_gbsbuild/obj/trigger_3_interact.rel
                                          [ trigger_3_interact ]
C:/Users/Luis/AppData/Local/Temp/_gbsbuild/obj/trigger_2_interact.rel
                                          [ trigger_2_interact ]
C:/Users/Luis/AppData/Local/Temp/_gbsbuild/obj/trigger_8_interact.rel
                                          [ trigger_8_interact ]
C:/Users/Luis/AppData/Local/Temp/_gbsbuild/obj/math.rel
                                          [ math ]
C:/Users/Luis/AppData/Local/Temp/_gbsbuild/obj/sio.rel
                                          [ sio ]
C:/Users/Luis/AppData/Local/Temp/_gbsbuild/obj/input.rel
                                          [ input ]
C:/Users/Luis/AppData/Local/Temp/_gbsbuild/obj/parallax.rel
                                          [ parallax ]
C:/Users/Luis/AppData/Local/Temp/_gbsbuild/obj/spritesheet_none.rel
                                          [ spritesheet_none ]
C:/Users/Luis/AppData/Local/Temp/_gbsbuild/obj/interrupts.rel
                                          [ interrupts ]
C:/Users/Luis/AppData/Local/Temp/_gbsbuild/obj/scene_5_triggers.rel
                                          [ scene_5_triggers ]
C:/Users/Luis/AppData/Local/Temp/_gbsbuild/obj/cursor_image.rel
                                          [ cursor_image ]
C:/Users/Luis/AppData/Local/Temp/_gbsbuild/obj/scene_3_triggers.rel
                                          [ scene_3_triggers ]
C:/Users/Luis/AppData/Local/Temp/_gbsbuild/obj/scene_6_init.rel
                                          [ scene_6_init ]
C:/Users/Luis/AppData/Local/Temp/_gbsbuild/obj/scene_2_init.rel
                                          [ scene_2_init ]
C:/Users/Luis/AppData/Local/Temp/_gbsbuild/obj/scene_4_init.rel
                                          [ scene_4_init ]
C:/Users/Luis/AppData/Local/Temp/_gbsbuild/obj/scene_3_init.rel
                                          [ scene_3_init ]
C:/Users/Luis/AppData/Local/Temp/_gbsbuild/obj/scene_5_init.rel
                                          [ scene_5_init ]
C:/Users/Luis/AppData/Local/Temp/_gbsbuild/obj/scene_7_init.rel
                                          [ scene_7_init ]
C:/Users/Luis/AppData/Local/Temp/_gbsbuild/obj/bg_in.rel
                                          [ bg_in ]
C:/Users/Luis/AppData/Local/Temp/_gbsbuild/obj/bg_lab.rel
                                          [ bg_lab ]
C:/Users/Luis/AppData/Local/Temp/_gbsbuild/obj/bg_tartar.rel
                                          [ bg_tartar ]
C:/Users/Luis/AppData/Local/Temp/_gbsbuild/obj/bg_lab_escape.rel
                                          [ bg_lab_escape ]
C:/Users/Luis/AppData/Local/Temp/_gbsbuild/obj/bg_checkin.rel
                                          [ bg_checkin ]
C:/Users/Luis/AppData/Local/Temp/_gbsbuild/obj/bg_placeholder.rel
                                          [ bg_placeholder ]
C:/Users/Luis/AppData/Local/Temp/_gbsbuild/obj/bg_main.rel
                                          [ bg_main ]
C:/Users/Luis/AppData/Local/Temp/_gbsbuild/obj/palette.rel
                                          [ palette ]
C:/Users/Luis/AppData/Local/Temp/_gbsbuild/obj/logo.rel
                                          [ logo ]
C:/Users/Luis/AppData/Local/Temp/_gbsbuild/obj/bootstrap.rel
                                          [  ]
C:/Users/Luis/AppData/Local/Temp/_gbsbuild/obj/scene_6_triggers.rel
                                          [ scene_6_triggers ]
C:/Users/Luis/AppData/Local/Temp/_gbsbuild/obj/scene_2_triggers.rel
                                          [ scene_2_triggers ]
C:/Users/Luis/AppData/Local/Temp/_gbsbuild/obj/scene_4_triggers.rel
                                          [ scene_4_triggers ]
C:/Users/Luis/AppData/Local/Temp/_gbsbuild/obj/palette_0.rel
                                          [ palette_0 ]
C:/Users/Luis/AppData/Local/Temp/_gbsbuild/obj/palette_1.rel
                                          [ palette_1 ]


Libraries Linked                          [ object file ]

C:\Users\Luis\AppData\Local\Temp/_gbstools/gbdk/lib/gb/gb.lib
                                          [ fill_rect_wi.o ]
C:\Users\Luis\AppData\Local\Temp/_gbstools/gbdk/lib/sm83/sm83.lib
                                          [ div.o ]
C:\Users\Luis\AppData\Local\Temp/_gbstools/gbdk/lib/sm83/sm83.lib
                                          [ rand.o ]
lib/hUGEDriver.lib                        [ hUGEDriver.o ]
C:\Users\Luis\AppData\Local\Temp/_gbstools/gbdk/lib/gb/gb.lib
                                          [ sfr.o ]
C:\Users\Luis\AppData\Local\Temp/_gbstools/gbdk/lib/gb/gb.lib
                                          [ get_data.o ]
C:\Users\Luis\AppData\Local\Temp/_gbstools/gbdk/lib/gb/gb.lib
                                          [ get_tile.o ]
C:\Users\Luis\AppData\Local\Temp/_gbstools/gbdk/lib/gb/gb.lib
                                          [ metasprites_hide_spr.o ]
C:\Users\Luis\AppData\Local\Temp/_gbstools/gbdk/lib/sm83/sm83.lib
                                          [ mul.o ]
C:\Users\Luis\AppData\Local\Temp/_gbstools/gbdk/lib/gb/gb.lib
                                          [ set_tile.o ]
C:\Users\Luis\AppData\Local\Temp/_gbstools/gbdk/lib/sm83/sm83.lib
                                          [ abs.o ]
C:\Users\Luis\AppData\Local\Temp/_gbstools/gbdk/lib/gb/gb.lib
                                          [ set_wi_t.o ]
C:\Users\Luis\AppData\Local\Temp/_gbstools/gbdk/lib/gb/gb.lib
                                          [ set_data.o ]
C:\Users\Luis\AppData\Local\Temp/_gbstools/gbdk/lib/sm83/sm83.lib
                                          [ reverse.o ]
C:\Users\Luis\AppData\Local\Temp/_gbstools/gbdk/lib/gb/gb.lib
                                          [ far_ptr.o ]
C:\Users\Luis\AppData\Local\Temp/_gbstools/gbdk/lib/gb/gb.lib
                                          [ lcd.o ]
C:\Users\Luis\AppData\Local\Temp/_gbstools/gbdk/lib/gb/gb.lib
                                          [ sgb.o ]
C:\Users\Luis\AppData\Local\Temp/_gbstools/gbdk/lib/gb/gb.lib
                                          [ fill_rect.o ]
C:\Users\Luis\AppData\Local\Temp/_gbstools/gbdk/lib/gb/gb.lib
                                          [ cpy_data.o ]
C:\Users\Luis\AppData\Local\Temp/_gbstools/gbdk/lib/gb/gb.lib
                                          [ pad.o ]
C:\Users\Luis\AppData\Local\Temp/_gbstools/gbdk/lib/gb/gb.lib
                                          [ fill_rect_bk.o ]
C:\Users\Luis\AppData\Local\Temp/_gbstools/gbdk/lib/gb/gb.lib
                                          [ metasprites.o ]
C:\Users\Luis\AppData\Local\Temp/_gbstools/gbdk/lib/sm83/sm83.lib
                                          [ memcpy.o ]
C:\Users\Luis\AppData\Local\Temp/_gbstools/gbdk/lib/sm83/sm83.lib
                                          [ __sdcc_call_hl.o ]
C:\Users\Luis\AppData\Local\Temp/_gbstools/gbdk/lib/sm83/sm83.lib
                                          [ _memset.o ]
C:\Users\Luis\AppData\Local\Temp/_gbstools/gbdk/lib/gb/gb.lib
                                          [ set_xy_t.o ]
C:\Users\Luis\AppData\Local\Temp/_gbstools/gbdk/lib/gb/gb.lib
                                          [ ___sdcc_bcall_ehl.o ]
C:\Users\Luis\AppData\Local\Temp/_gbstools/gbdk/lib/gb/gb.lib
                                          [ set_bk_t.o ]

ASxxxx Linker V03.00/V05.40 + sdld,  page 65.

User Base Address Definitions

_DATA=0xC0A0
_CODE=0x0200
_HRAM=0xFF80
ASxxxx Linker V03.00/V05.40 + sdld,  page 66.

User Global Definitions

.STACK=0xDF00
__start_save=0
_shadow_OAM=0xC000

